PLINK v1.90b6.22 64-bit (16 Apr 2021)
Options in effect:
  --bfile ../results/chilean_all48_hg19_maf05_missing10
  --hardy
  --out ../results/chilean_all48_hg19_maf05_missing10

Hostname: genoma
Working directory: /home/bioinfo1/mflorez/Tareas_BioinfRepro2025_MLFG/Unidad2/Sesion1/Prac_Uni5/results
Start time: Sun Oct  5 18:56:28 2025

Random number seed: 1759701388
31640 MB RAM detected; reserving 15820 MB for main workspace.
466296 variants loaded from .bim file.
46 people (26 males, 20 females) loaded from .fam.
46 phenotype values loaded from .fam.
Using 1 thread (no multithreaded calculations invoked).
Before main variant filters, 46 founders and 0 nonfounders present.
Calculating allele frequencies... done.
Warning: 10320 het. haploid genotypes present (see
../results/chilean_all48_hg19_maf05_missing10.hh ); many commands treat these
as missing.
Warning: Nonmissing nonmale Y chromosome genotype(s) present; many commands
treat these as missing.
Total genotyping rate is 0.994486.
--hardy: Writing Hardy-Weinberg report (founders only) to
../results/chilean_all48_hg19_maf05_missing10.hwe ... done.

End time: Sun Oct  5 18:56:29 2025
