PLINK v1.90b6.22 64-bit (16 Apr 2021)
Options in effect:
  --bfile ../data/chilean_all48_hg19
  --out ../results/chilean_all48_hg19
  --recode

Hostname: genoma
Working directory: /home/bioinfo1/mflorez/Tareas_BioinfRepro2025_MLFG/Unidad2/Sesion1/Prac_Uni5/results
Start time: Sun Oct  5 19:23:16 2025

Random number seed: 1759702996
31640 MB RAM detected; reserving 15820 MB for main workspace.
813366 variants loaded from .bim file.
48 people (27 males, 21 females) loaded from .fam.
48 phenotype values loaded from .fam.
Using 1 thread (no multithreaded calculations invoked).
Before main variant filters, 48 founders and 0 nonfounders present.
Calculating allele frequencies... done.
Warning: 11824 het. haploid genotypes present (see
../results/chilean_all48_hg19.hh ); many commands treat these as missing.
Warning: Nonmissing nonmale Y chromosome genotype(s) present; many commands
treat these as missing.
Total genotyping rate is 0.989751.
813366 variants and 48 people pass filters and QC.
Among remaining phenotypes, 0 are cases and 48 are controls.
--recode ped to ../results/chilean_all48_hg19.ped +
../results/chilean_all48_hg19.map ... done.

End time: Sun Oct  5 19:23:18 2025
