PLINK v1.90b6.22 64-bit (16 Apr 2021)
Options in effect:
  --bfile ../data/chilean_all48_hg19
  --make-bed
  --out ../results/chilean_all48_hg19_updated
  --update-ids ../results/update_ids.txt

Hostname: genoma
Working directory: /home/bioinfo1/mflorez/Tareas_BioinfRepro2025_MLFG/Unidad2/Sesion1/Prac_Uni5/results
Start time: Sun Oct  5 23:53:28 2025

Random number seed: 1759719208
31640 MB RAM detected; reserving 15820 MB for main workspace.
813366 variants loaded from .bim file.
48 people (27 males, 21 females) loaded from .fam.
48 phenotype values loaded from .fam.
--update-ids: 48 people updated.
Using 1 thread (no multithreaded calculations invoked).
Before main variant filters, 48 founders and 0 nonfounders present.
Calculating allele frequencies... done.
Warning: 11824 het. haploid genotypes present (see
../results/chilean_all48_hg19_updated.hh ); many commands treat these as
missing.
Warning: Nonmissing nonmale Y chromosome genotype(s) present; many commands
treat these as missing.
Total genotyping rate is 0.989751.
813366 variants and 48 people pass filters and QC.
Among remaining phenotypes, 0 are cases and 48 are controls.
--make-bed to ../results/chilean_all48_hg19_updated.bed +
../results/chilean_all48_hg19_updated.bim +
../results/chilean_all48_hg19_updated.fam ... done.

End time: Sun Oct  5 23:53:29 2025
