PLINK v1.90b6.22 64-bit (16 Apr 2021)
Options in effect:
  --bfile ../data/chilean_all48_hg19
  --maf 0.05
  --mind 0.1
  --out ../results/maicesArtegaetal2015_maf05_missing10
  --recode

Hostname: genoma
Working directory: /home/bioinfo1/mflorez/Tareas_BioinfRepro2025_MLFG/Unidad2/Sesion1/Prac_Uni5/results
Start time: Sun Oct  5 17:57:46 2025

Random number seed: 1759697866
31640 MB RAM detected; reserving 15820 MB for main workspace.
813366 variants loaded from .bim file.
48 people (27 males, 21 females) loaded from .fam.
48 phenotype values loaded from .fam.
2 people removed due to missing genotype data (--mind).
IDs written to ../results/maicesArtegaetal2015_maf05_missing10.irem .
Using 1 thread (no multithreaded calculations invoked).
Before main variant filters, 46 founders and 0 nonfounders present.
Calculating allele frequencies... done.
Warning: 11005 het. haploid genotypes present (see
../results/maicesArtegaetal2015_maf05_missing10.hh ); many commands treat these
as missing.
Warning: Nonmissing nonmale Y chromosome genotype(s) present; many commands
treat these as missing.
Total genotyping rate in remaining samples is 0.994669.
347070 variants removed due to minor allele threshold(s)
(--maf/--max-maf/--mac/--max-mac).
466296 variants and 46 people pass filters and QC.
Among remaining phenotypes, 0 are cases and 46 are controls.
--recode ped to ../results/maicesArtegaetal2015_maf05_missing10.ped +
../results/maicesArtegaetal2015_maf05_missing10.map ... done.

End time: Sun Oct  5 17:57:47 2025
