PLINK v1.90b6.22 64-bit (16 Apr 2021)
Options in effect:
  --bfile ../data/chilean_all48_hg19
  --make-bed
  --out ../results/tmp_check_sex
  --update-sex ../results/popinfo_sex.txt

Hostname: genoma
Working directory: /home/bioinfo1/mflorez/Tareas_BioinfRepro2025_MLFG/Unidad2/Sesion1/Prac_Uni5/results
Start time: Tue Oct  7 23:29:46 2025

Random number seed: 1759890586
31640 MB RAM detected; reserving 15820 MB for main workspace.
813366 variants loaded from .bim file.
48 people (27 males, 21 females) loaded from .fam.
48 phenotype values loaded from .fam.
--update-sex: 0 people updated, 61 IDs not present.
Using 1 thread (no multithreaded calculations invoked).
Before main variant filters, 48 founders and 0 nonfounders present.
Calculating allele frequencies... done.
Warning: 11824 het. haploid genotypes present (see ../results/tmp_check_sex.hh
); many commands treat these as missing.
Warning: Nonmissing nonmale Y chromosome genotype(s) present; many commands
treat these as missing.
Total genotyping rate is 0.989751.
813366 variants and 48 people pass filters and QC.
Among remaining phenotypes, 0 are cases and 48 are controls.
--make-bed to ../results/tmp_check_sex.bed + ../results/tmp_check_sex.bim +
../results/tmp_check_sex.fam ... done.

End time: Tue Oct  7 23:29:47 2025
