PLINK v1.90b6.22 64-bit (16 Apr 2021)
Options in effect:
  --bfile 1kG_MDS6
  --make-bed
  --out 1kG_MDS7
  --update-map buildhapmap.txt

Hostname: genoma
Working directory: /home/bioinfo1/mflorez/Tareas_BioinfRepro2025_MLFG/Tareas_BioinfinvRepro/Unidad2/mflorez/Unidad2/Sesion2
Start time: Wed Oct  1 16:52:31 2025

Random number seed: 1759348351
31640 MB RAM detected; reserving 15820 MB for main workspace.
314412 variants loaded from .bim file.
629 people (0 males, 0 females, 629 ambiguous) loaded from .fam.
Ambiguous sex IDs written to 1kG_MDS7.nosex .
--update-map: 314412 values updated.
Using 1 thread (no multithreaded calculations invoked).
Before main variant filters, 629 founders and 0 nonfounders present.
Calculating allele frequencies... done.
Total genotyping rate is 0.999391.
314412 variants and 629 people pass filters and QC.
Note: No phenotypes present.
--make-bed to 1kG_MDS7.bed + 1kG_MDS7.bim + 1kG_MDS7.fam ... done.

End time: Wed Oct  1 16:52:32 2025
