PLINK v1.90b6.22 64-bit (16 Apr 2021)
Options in effect:
  --bfile chilean_all48_hg19_4
  --make-bed
  --mind 0.02
  --out chilean_all48_hg19_5

Hostname: genoma
Working directory: /home/bioinfo1/mflorez/Tareas_BioinfRepro2025_MLFG/Tareas_BioinfinvRepro/Unidad2/mflorez/Unidad2/Sesion2
Start time: Wed Oct  1 15:24:12 2025

Random number seed: 1759343052
31640 MB RAM detected; reserving 15820 MB for main workspace.
574624 variants loaded from .bim file.
48 people (27 males, 21 females) loaded from .fam.
48 phenotype values loaded from .fam.
0 people removed due to missing genotype data (--mind).
Using 1 thread (no multithreaded calculations invoked).
Before main variant filters, 48 founders and 0 nonfounders present.
Calculating allele frequencies... done.
Warning: 8265 het. haploid genotypes present (see chilean_all48_hg19_5.hh );
many commands treat these as missing.
Warning: Nonmissing nonmale Y chromosome genotype(s) present; many commands
treat these as missing.
574624 variants and 48 people pass filters and QC.
Among remaining phenotypes, 0 are cases and 48 are controls.
--make-bed to chilean_all48_hg19_5.bed + chilean_all48_hg19_5.bim +
chilean_all48_hg19_5.fam ... done.

End time: Wed Oct  1 15:24:12 2025
