PLINK v1.90b6.22 64-bit (16 Apr 2021)
Options in effect:
  --bfile chilean_all48_hg19_7
  --maf 0.011
  --make-bed
  --out chilean_all48_hg19_8

Hostname: genoma
Working directory: /home/bioinfo1/mflorez/Tareas_BioinfRepro2025_MLFG/Tareas_BioinfinvRepro/Unidad2/mflorez/Unidad2/Sesion2
Start time: Wed Oct  1 15:40:23 2025

Random number seed: 1759344023
31640 MB RAM detected; reserving 15820 MB for main workspace.
557922 variants loaded from .bim file.
45 people (26 males, 19 females) loaded from .fam.
45 phenotype values loaded from .fam.
Using 1 thread (no multithreaded calculations invoked).
Before main variant filters, 45 founders and 0 nonfounders present.
Calculating allele frequencies... done.
98544 variants removed due to minor allele threshold(s)
(--maf/--max-maf/--mac/--max-mac).
459378 variants and 45 people pass filters and QC.
Among remaining phenotypes, 0 are cases and 45 are controls.
--make-bed to chilean_all48_hg19_8.bed + chilean_all48_hg19_8.bim +
chilean_all48_hg19_8.fam ... done.

End time: Wed Oct  1 15:40:23 2025
