PLINK v1.90b6.22 64-bit (16 Apr 2021)
Options in effect:
  --a1-allele 1kG_ref-list.txt
  --bfile chilean_all48_hg19_12
  --make-bed
  --out chilean_all48_hg19_13

Hostname: genoma
Working directory: /home/bioinfo1/mflorez/Tareas_BioinfRepro2025_MLFG/Tareas_BioinfinvRepro/Unidad2/mflorez/Unidad2/Sesion2
Start time: Wed Oct  1 16:56:14 2025

Random number seed: 1759348574
31640 MB RAM detected; reserving 15820 MB for main workspace.
314412 variants loaded from .bim file.
42 people (24 males, 18 females) loaded from .fam.
42 phenotype values loaded from .fam.
Using 1 thread (no multithreaded calculations invoked).
Before main variant filters, 42 founders and 0 nonfounders present.
Calculating allele frequencies... done.
--a1-allele: 314412 assignments made.
314412 variants and 42 people pass filters and QC.
Among remaining phenotypes, 0 are cases and 42 are controls.
--make-bed to chilean_all48_hg19_13.bed + chilean_all48_hg19_13.bim +
chilean_all48_hg19_13.fam ... done.

End time: Wed Oct  1 16:56:14 2025
