PLINK v1.90b6.22 64-bit (16 Apr 2021)
Options in effect:
  --bfile chilean_all48_hg19_14
  --exclude SNPs_for_exlusion.txt
  --make-bed
  --out chilean_all48_hg19_15

Hostname: genoma
Working directory: /home/bioinfo1/mflorez/Tareas_BioinfRepro2025_MLFG/Tareas_BioinfinvRepro/Unidad2/mflorez/Unidad2/Sesion2
Start time: Wed Oct  1 17:13:50 2025

Random number seed: 1759349630
31640 MB RAM detected; reserving 15820 MB for main workspace.
314412 variants loaded from .bim file.
42 people (24 males, 18 females) loaded from .fam.
42 phenotype values loaded from .fam.
--exclude: 314412 variants remaining.
Using 1 thread (no multithreaded calculations invoked).
Before main variant filters, 42 founders and 0 nonfounders present.
Calculating allele frequencies... done.
314412 variants and 42 people pass filters and QC.
Among remaining phenotypes, 0 are cases and 42 are controls.
--make-bed to chilean_all48_hg19_15.bed + chilean_all48_hg19_15.bim +
chilean_all48_hg19_15.fam ... done.

End time: Wed Oct  1 17:13:50 2025
