PLINK v1.90b6.22 64-bit (16 Apr 2021)
Options in effect:
  --bfile chilean_all48_hg19_2
  --make-bed
  --mind 0.2
  --out chilean_all48_hg19_3

Hostname: genoma
Working directory: /home/bioinfo1/mflorez/Tareas_BioinfRepro2025_MLFG/Tareas_BioinfinvRepro/Unidad2/mflorez/Unidad2/Sesion2
Start time: Wed Oct  1 15:22:37 2025

Random number seed: 1759342957
31640 MB RAM detected; reserving 15820 MB for main workspace.
808686 variants loaded from .bim file.
48 people (27 males, 21 females) loaded from .fam.
48 phenotype values loaded from .fam.
0 people removed due to missing genotype data (--mind).
Using 1 thread (no multithreaded calculations invoked).
Before main variant filters, 48 founders and 0 nonfounders present.
Calculating allele frequencies... done.
Warning: 11786 het. haploid genotypes present (see chilean_all48_hg19_3.hh );
many commands treat these as missing.
Warning: Nonmissing nonmale Y chromosome genotype(s) present; many commands
treat these as missing.
Total genotyping rate is 0.991846.
808686 variants and 48 people pass filters and QC.
Among remaining phenotypes, 0 are cases and 48 are controls.
--make-bed to chilean_all48_hg19_3.bed + chilean_all48_hg19_3.bim +
chilean_all48_hg19_3.fam ... done.

End time: Wed Oct  1 15:22:38 2025
