PLINK v1.90b6.22 64-bit (16 Apr 2021)
Options in effect:
  --bfile /datos/compartido/ChileGenomico/chilean_all48_hg19
  --geno 0.2
  --make-bed
  --out chilean_all48_hg19_2

Hostname: genoma
Working directory: /home/bioinfo1/mflorez/Tareas_BioinfRepro2025_MLFG/Tareas_BioinfinvRepro/Unidad2/mflorez/Unidad2/Sesion2
Start time: Wed Oct  1 15:22:12 2025

Random number seed: 1759342932
31640 MB RAM detected; reserving 15820 MB for main workspace.
813366 variants loaded from .bim file.
48 people (27 males, 21 females) loaded from .fam.
48 phenotype values loaded from .fam.
Using 1 thread (no multithreaded calculations invoked).
Before main variant filters, 48 founders and 0 nonfounders present.
Calculating allele frequencies... done.
Warning: 11824 het. haploid genotypes present (see chilean_all48_hg19_2.hh );
many commands treat these as missing.
Warning: Nonmissing nonmale Y chromosome genotype(s) present; many commands
treat these as missing.
Total genotyping rate is 0.989751.
4680 variants removed due to missing genotype data (--geno).
808686 variants and 48 people pass filters and QC.
Among remaining phenotypes, 0 are cases and 48 are controls.
--make-bed to chilean_all48_hg19_2.bed + chilean_all48_hg19_2.bim +
chilean_all48_hg19_2.fam ... done.

End time: Wed Oct  1 15:22:13 2025
