PLINK v1.90b6.22 64-bit (16 Apr 2021)
Options in effect:
  --bfile MDS_merge
  --cluster
  --mds-plot 10
  --out MDS_merge3
  --read-genome MDS_merge2.genome

Hostname: genoma
Working directory: /home/bioinfo1/mflorez/Tareas_BioinfRepro2025_MLFG/Tareas_BioinfinvRepro/Unidad2/mflorez/Unidad2/Sesion2
Start time: Wed Oct  1 17:17:18 2025

Random number seed: 1759349838
31640 MB RAM detected; reserving 15820 MB for main workspace.
314412 variants loaded from .bim file.
671 people (24 males, 18 females, 629 ambiguous) loaded from .fam.
Ambiguous sex IDs written to MDS_merge3.nosex .
42 phenotype values loaded from .fam.
Using 1 thread (no multithreaded calculations invoked).
Before main variant filters, 671 founders and 0 nonfounders present.
Calculating allele frequencies... done.
Total genotyping rate is 0.999429.
314412 variants and 671 people pass filters and QC.
Among remaining phenotypes, 0 are cases and 42 are controls.  (629 phenotypes
are missing.)
Clustering... done.
Cluster solution written to MDS_merge3.cluster1 , MDS_merge3.cluster2 , and
MDS_merge3.cluster3 .
Performing multidimensional scaling analysis (SVD algorithm, 10
dimensions)... done.
MDS solution written to MDS_merge3.mds .

End time: Wed Oct  1 17:17:19 2025
