PLINK v1.90b6.22 64-bit (16 Apr 2021)
Options in effect:
  --bfile MDS_merge
  --extract indepSNP.prune.in
  --genome
  --out MDS_merge2

Hostname: genoma
Working directory: /home/bioinfo1/mflorez/Tareas_BioinfRepro2025_MLFG/Tareas_BioinfinvRepro/Unidad2/mflorez/Unidad2/Sesion2
Start time: Wed Oct  1 17:14:40 2025

Random number seed: 1759349680
31640 MB RAM detected; reserving 15820 MB for main workspace.
314412 variants loaded from .bim file.
671 people (24 males, 18 females, 629 ambiguous) loaded from .fam.
Ambiguous sex IDs written to MDS_merge2.nosex .
42 phenotype values loaded from .fam.
--extract: 70534 variants remaining.
Using up to 15 threads (change this with --threads).
Before main variant filters, 671 founders and 0 nonfounders present.
Calculating allele frequencies... done.
Total genotyping rate is 0.99949.
70534 variants and 671 people pass filters and QC.
Among remaining phenotypes, 0 are cases and 42 are controls.  (629 phenotypes
are missing.)
IBD calculations complete.
Finished writing MDS_merge2.genome .

End time: Wed Oct  1 17:14:42 2025
