PLINK v1.90b6.22 64-bit (16 Apr 2021)
Options in effect:
  --bfile chilean_all48_hg19_9
  --extract indepSNP.prune.in
  --genome
  --min 0.2
  --out pihat_min0.2

Hostname: genoma
Working directory: /home/bioinfo1/mflorez/Tareas_BioinfRepro2025_MLFG/Tareas_BioinfinvRepro/Unidad2/mflorez/Unidad2/Sesion2
Start time: Wed Oct  1 16:10:20 2025

Random number seed: 1759345820
31640 MB RAM detected; reserving 15820 MB for main workspace.
458097 variants loaded from .bim file.
45 people (26 males, 19 females) loaded from .fam.
45 phenotype values loaded from .fam.
--extract: 103220 variants remaining.
Using up to 15 threads (change this with --threads).
Before main variant filters, 45 founders and 0 nonfounders present.
Calculating allele frequencies... done.
103220 variants and 45 people pass filters and QC.
Among remaining phenotypes, 0 are cases and 45 are controls.
IBD calculations complete.
Finished writing pihat_min0.2.genome .

End time: Wed Oct  1 16:10:20 2025
